
> my-app@0.0.0 server
> node server.js

◇ injecting env (2) from .env // tip: ⌘ suppress logs { quiet: true }

======================================================
Backend Server listening at http://localhost:3001
✅ Using Brevo Email API Sender: antigravityfinancial@gmail.com
======================================================

✅ Mail successfully routed to antigravityfinancial@gmail.com via Brevo!
Error sending email via Brevo: Error: Brevo API Error: {"message":"Unable to send email. Your SMTP account is not yet activated. Please contact us at contact@brevo.com to request activation","code":"permission_denied"}

    at sendEmailViaBrevo (file:///Users/mac/Desktop/Files/antigravity%20SM/Antigravity%20Stock%20Trading%20/app/server.js:40:11)
    at process.processTicksAndRejections (node:internal/process/task_queues:95:5)
    at async file:///Users/mac/Desktop/Files/antigravity%20SM/Antigravity%20Stock%20Trading%20/app/server.js:68:5
Error sending email via Brevo: Error: Brevo API Error: {"message":"Unable to send email. Your SMTP account is not yet activated. Please contact us at contact@brevo.com to request activation","code":"permission_denied"}

    at sendEmailViaBrevo (file:///Users/mac/Desktop/Files/antigravity%20SM/Antigravity%20Stock%20Trading%20/app/server.js:40:11)
    at process.processTicksAndRejections (node:internal/process/task_queues:95:5)
    at async file:///Users/mac/Desktop/Files/antigravity%20SM/Antigravity%20Stock%20Trading%20/app/server.js:68:5
Error sending email via Brevo: Error: Brevo API Error: {"message":"Unable to send email. Your SMTP account is not yet activated. Please contact us at contact@brevo.com to request activation","code":"permission_denied"}

    at sendEmailViaBrevo (file:///Users/mac/Desktop/Files/antigravity%20SM/Antigravity%20Stock%20Trading%20/app/server.js:40:11)
    at process.processTicksAndRejections (node:internal/process/task_queues:95:5)
    at async file:///Users/mac/Desktop/Files/antigravity%20SM/Antigravity%20Stock%20Trading%20/app/server.js:68:5
