
> my-app@0.0.0 dev
> vite --host

11:25:29 AM [vite] (client) Re-optimizing dependencies because lockfile has changed

  VITE v7.3.0  ready in 930 ms

  ➜  Local:   http://localhost:5173/
  ➜  Network: http://192.168.8.254:5173/
  ➜  press h + enter to show help
11:32:44 AM [vite] (client) hmr update /src/App.tsx, /src/components/auth/LoginForm.tsx, /src/components/auth/SignupForm.tsx, /src/components/dashboard/Header.tsx, /src/components/dashboard/DashboardView.tsx, /src/components/dashboard/PortfolioView.tsx, /src/components/dashboard/MarketView.tsx, /src/components/dashboard/ProjectionsView.tsx, /src/components/dashboard/PaymentMethodView.tsx, /src/components/dashboard/ProfileView.tsx, /src/index.css
12:32:05 PM [vite] .env changed, restarting server...
12:32:05 PM [vite] server restarted.
12:32:07 PM [vite] .env changed, restarting server...
12:32:07 PM [vite] server restarted.
12:32:26 PM [vite] .env changed, restarting server...
12:32:26 PM [vite] server restarted.
12:32:48 PM [vite] .env changed, restarting server...
12:32:48 PM [vite] server restarted.
12:33:08 PM [vite] .env changed, restarting server...
12:33:08 PM [vite] server restarted.
12:33:14 PM [vite] .env changed, restarting server...
12:33:14 PM [vite] server restarted.
12:33:16 PM [vite] .env changed, restarting server...
12:33:16 PM [vite] server restarted.
12:33:18 PM [vite] .env changed, restarting server...
12:33:18 PM [vite] server restarted.
12:33:22 PM [vite] .env changed, restarting server...
12:33:22 PM [vite] server restarted.
12:33:25 PM [vite] .env changed, restarting server...
12:33:25 PM [vite] server restarted.
12:33:28 PM [vite] .env changed, restarting server...
12:33:28 PM [vite] server restarted.
12:33:30 PM [vite] .env changed, restarting server...
12:33:30 PM [vite] server restarted.
12:34:38 PM [vite] .env changed, restarting server...
12:34:38 PM [vite] server restarted.
12:49:54 PM [vite] (client) hmr update /src/index.css, /src/App.tsx, /src/components/auth/SignupForm.tsx, /src/components/dashboard/Header.tsx, /src/components/auth/LoginForm.tsx, /src/components/dashboard/DashboardView.tsx, /src/components/dashboard/PaymentMethodView.tsx, /src/components/dashboard/ProjectionsView.tsx, /src/components/dashboard/MarketView.tsx, /src/components/dashboard/ProfileView.tsx, /src/components/dashboard/PortfolioView.tsx
